identity:
  address: localhost:5555
honeybadger:
  networksize: 10
  byzantine: 3
  batchsize: 3
  proposeinterval: 1s
members:
  addresses:
  - localhost:8080
  - localhost:8081
tpke:
  masterpublickey: asdf
  threshold: 3
